Turbo Assembler	 Version 4.1	    02/10/26 21:51:39	    Page 1
vram_c~1.asm



      1	0000			     .model tiny
      2	0000			     .code
      3
      4				     org 100h
      5
      6	0100  B8 B800		     Start:	     mov ax, 0b800h		     ; b800h - segment of vram
      7	0103  8E C0				     mov es, ax			     ; es - extended segment
      8	0105  BB 0370				     mov bx, (2	* 80 * 5 + 2 * 40)   ; bx = (center of 5th line)
      9	0108  26: C6 07	03			     mov byte ptr es:[bx], 03h	     ; put symbol in first byte
     10
     11	010C  26: C6 47	01 CE			     mov byte ptr es:[bx + 01],	(4eh or	80h)
     12						     ; put color in second byte
     13
     14	0111  B8 4C00				     mov ax, 4c00h	     ; exit(0)
     15	0114  CD 21				     int 21h		     ; int for DOS func	call
     16
     17				     end	     Start
Turbo Assembler	 Version 4.1	    02/10/26 21:51:39	    Page 2
Symbol Table




Symbol Name			  Type	 Value

??DATE				  Text	 "02/10/26"
??FILENAME			  Text	 "vram_c~1"
??TIME				  Text	 "21:51:39"
??VERSION			  Number 040A
@32BIT				  Text	 0
@CODE				  Text	 DGROUP
@CODESIZE			  Text	 0
@CPU				  Text	 0101H
@CURSEG				  Text	 _TEXT
@DATA				  Text	 DGROUP
@DATASIZE			  Text	 0
@FILENAME			  Text	 VRAM_C~1
@INTERFACE			  Text	 000H
@MODEL				  Text	 1
@STACK				  Text	 DGROUP
@WORDSIZE			  Text	 2
START				  Near	 DGROUP:0100

Groups & Segments		  Bit Size Align  Combine Class

DGROUP				  Group
  _DATA				  16  0000 Word	  Public  DATA
  _TEXT				  16  0116 Word	  Public  CODE
