Turbo Assembler	 Version 4.1	    02/10/26 24:05:52	    Page 1
cmdline.asm



      1	0000			     .model tiny
      2	0000			     .code
      3
      4				     org 100h
      5
      6	      =000C		     BRT_RED_CLR     equ 0ch
      7	      =0080		     BLINKING	     equ 80h
      8	      =B800		     VIDEO_SEG	     equ 0b800h
      9
     10	0100  B8 B800		     Start:	     mov ax, VIDEO_SEG		     ; b800h - segment of vram
     11	0103  8E C0				     mov es, ax			     ; es - extended segment
     12	0105  BB 0370				     mov bx, (2	* 80 * 5 + 2 * 40)   ; bx = (center of 5th line)
     13
     14	0108  BE 0080				     mov si, 80h
     15	010B  8A 0C				     mov byte ptr cl, [si]	     ; CX = CmdTailLen (-1 for \r)
     16	010D  83 E9 01				     sub cx, 1
     17	0110  BF 0082				     mov di, 82h	     ; DI = &CmdTail
     18
     19	0113  E3 12				     jcxz LOOP_END
     20
     21	0115			     LOOP_START:
     22	0115  8A 05				     mov al, [di]
     23
     24						     ; put symbol in first byte
     25						     ; put color in second byte
     26
     27	0117  26: 88 07				     mov byte ptr es:[bx], al
     28	011A  26: C6 47	01 8C			     mov byte ptr es:[bx + 01],	(BRT_RED_CLR or	BLINKING)
     29						     ; brt red with blinking
     30
     31	011F  83 C3 02				     add bx, 2		     ; go to the next symbol in	vram
     32	0122  83 C7 01				     add di, 1		     ; get next	symbol
     33
     34	0125  E2 EE				     loop LOOP_START	     ; jmp back	if cx is not 0
     35
     36	0127			     LOOP_END:
     37
     38	0127  B8 4C00				     mov ax, 4c00h	     ; exit(0)
     39	012A  CD 21				     int 21h		     ; int for DOS func	call
     40
     41				     end	     Start
Turbo Assembler	 Version 4.1	    02/10/26 24:05:52	    Page 2
Symbol Table




Symbol Name			  Type	 Value

??DATE				  Text	 "02/10/26"
??FILENAME			  Text	 "cmdline "
??TIME				  Text	 "24:05:52"
??VERSION			  Number 040A
@32BIT				  Text	 0
@CODE				  Text	 DGROUP
@CODESIZE			  Text	 0
@CPU				  Text	 0101H
@CURSEG				  Text	 _TEXT
@DATA				  Text	 DGROUP
@DATASIZE			  Text	 0
@FILENAME			  Text	 CMDLINE
@INTERFACE			  Text	 000H
@MODEL				  Text	 1
@STACK				  Text	 DGROUP
@WORDSIZE			  Text	 2
BLINKING			  Number 0080
BRT_RED_CLR			  Number 000C
LOOP_END			  Near	 DGROUP:0127
LOOP_START			  Near	 DGROUP:0115
START				  Near	 DGROUP:0100
VIDEO_SEG			  Number B800

Groups & Segments		  Bit Size Align  Combine Class

DGROUP				  Group
  _DATA				  16  0000 Word	  Public  DATA
  _TEXT				  16  012C Word	  Public  CODE
